[ninetheme.com/themes/venam/v1/index.html]
[backblue.gif]
[fade.gif]
[index.html]
[f8g8b9p5.rocketcdn.me/themes/venam/v1/wp-includes/css/classic-themes.min68b3.css]
[f8g8b9p5.rocketcdn.me/themes/venam/v1/wp-content/cache/min/1/themes/venam/v1/wp-content/plugins/woocommerce/assets/css/woocommerce-layoutabe2.css]
[f8g8b9p5.rocketcdn.me/themes/venam/v1/wp-content/cache/min/1/themes/venam/v1/wp-content/plugins/woocommerce/assets/css/woocommerce-smallscreenabe2.css]
[f8g8b9p5.rocketcdn.me/themes/venam/v1/wp-content/cache/min/1/themes/venam/v1/wp-content/plugins/woocommerce/assets/css/woocommerceabe2.css]
[f8g8b9p5.rocketcdn.me/themes/venam/v1/wp-content/plugins/venam-elementor-addons/assets/front/js/jquery-ui/jquery-ui.min5152.css]
[f8g8b9p5.rocketcdn.me/themes/venam/v1/wp-content/cache/min/1/themes/venam/v1/wp-content/plugins/venam-elementor-addons/assets/front/js/vegas/vegasabe2.css]
[f8g8b9p5.rocketcdn.me/themes/venam/v1/wp-content/cache/min/1/themes/venam/v1/wp-content/plugins/woo-bought-together/assets/css/frontendabe2.css]
[f8g8b9p5.rocketcdn.me/themes/venam/v1/wp-content/plugins/woo-smart-compare/assets/libs/hint/hint.min6a4d.css]
[f8g8b9p5.rocketcdn.me/themes/venam/v1/wp-content/cache/min/1/themes/venam/v1/wp-content/plugins/woo-smart-compare/assets/css/frontendabe2.css]
[f8g8b9p5.rocketcdn.me/themes/venam/v1/wp-content/cache/min/1/themes/venam/v1/wp-content/plugins/woo-smart-quick-view/assets/libs/slick/slickabe2.css]
[f8g8b9p5.rocketcdn.me/themes/venam/v1/wp-content/cache/min/1/themes/venam/v1/wp-content/plugins/woo-smart-quick-view/assets/libs/magnific-popup/magnific-popupabe2.css]
[f8g8b9p5.rocketcdn.me/themes/venam/v1/wp-content/cache/min/1/themes/venam/v1/wp-content/plugins/woo-smart-quick-view/assets/libs/feather/featherabe2.css]
[f8g8b9p5.rocketcdn.me/themes/venam/v1/wp-content/cache/min/1/themes/venam/v1/wp-content/plugins/woo-smart-quick-view/assets/css/frontendabe2.css]
[f8g8b9p5.rocketcdn.me/themes/venam/v1/wp-content/cache/min/1/themes/venam/v1/wp-content/plugins/woo-smart-wishlist/assets/css/iconsabe2.css]
[f8g8b9p5.rocketcdn.me/themes/venam/v1/wp-content/cache/min/1/themes/venam/v1/wp-content/plugins/woo-smart-wishlist/assets/css/frontendabe2.css]
[f8g8b9p5.rocketcdn.me/themes/venam/v1/wp-content/cache/min/1/themes/venam/v1/wp-content/plugins/wpc-composite-products/assets/css/frontendabe2.css]
[f8g8b9p5.rocketcdn.me/themes/venam/v1/wp-content/cache/min/1/themes/venam/v1/wp-content/plugins/wpc-variation-swatches/assets/css/frontendabe2.css]
[f8g8b9p5.rocketcdn.me/themes/venam/v1/wp-content/themes/venam/js/bootstrap/bootstrap.min5152.css]
[f8g8b9p5.rocketcdn.me/themes/venam/v1/wp-content/themes/venam/css/animate.min5152.css]
[f8g8b9p5.rocketcdn.me/themes/venam/v1/wp-content/cache/min/1/themes/venam/v1/wp-content/themes/venam/css/fontawesome/fontawesome-all.minabe2.css]
[f8g8b9p5.rocketcdn.me/themes/venam/v1/wp-content/cache/min/1/themes/venam/v1/wp-content/themes/venam/css/flaticon/flaticonabe2.css]
[f8g8b9p5.rocketcdn.me/themes/venam/v1/wp-content/cache/min/1/themes/venam/v1/wp-content/plugins/venam-elementor-addons/assets/front/js/magnific/magnific-popupabe2.css]
[f8g8b9p5.rocketcdn.me/themes/venam/v1/wp-content/cache/min/1/themes/venam/v1/wp-content/themes/venam/js/nice-select/nice-selectabe2.css]
[f8g8b9p5.rocketcdn.me/themes/venam/v1/wp-content/cache/min/1/themes/venam/v1/wp-content/themes/venam/css/defaultabe2.css]
[f8g8b9p5.rocketcdn.me/themes/venam/v1/wp-content/cache/min/1/themes/venam/v1/wp-content/themes/venam/css/styleabe2.css]
[f8g8b9p5.rocketcdn.me/themes/venam/v1/wp-content/cache/min/1/themes/venam/v1/wp-content/themes/venam/css/responsiveabe2.css]
[f8g8b9p5.rocketcdn.me/themes/venam/v1/wp-content/cache/min/1/themes/venam/v1/wp-content/themes/venam/css/updateabe2.css]
[f8g8b9p5.rocketcdn.me/themes/venam/v1/wp-content/cache/min/1/themes/venam/v1/wp-content/plugins/elementor/assets/lib/eicons/css/elementor-icons.minabe2.css]
[f8g8b9p5.rocketcdn.me/themes/venam/v1/wp-content/plugins/elementor/assets/css/frontend.min2e46.css]
[f8g8b9p5.rocketcdn.me/themes/venam/v1/wp-content/uploads/elementor/css/post-41736.css]
[f8g8b9p5.rocketcdn.me/themes/venam/v1/wp-content/cache/min/1/themes/venam/v1/wp-content/plugins/venam-elementor-addons/assets/front/css/customabe2.css]
[f8g8b9p5.rocketcdn.me/themes/venam/v1/wp-content/uploads/elementor/css/post-3032bd9b.css]
[f8g8b9p5.rocketcdn.me/themes/venam/v1/wp-content/uploads/elementor/css/post-21061736.css]
[f8g8b9p5.rocketcdn.me/themes/venam/v1/wp-content/uploads/elementor/css/post-8387600.css]
[f8g8b9p5.rocketcdn.me/themes/venam/v1/wp-content/cache/min/1/themes/venam/v1/wp-content/themes/venam/woocommerce/css/woocommerce-customabe2.css]
[f8g8b9p5.rocketcdn.me/themes/venam/v1/wp-content/cache/min/1/themes/venam/v1/wp-content/themes/venam/woocommerce/css/single-pageabe2.css]
[f8g8b9p5.rocketcdn.me/themes/venam/v1/wp-content/cache/min/1/themes/venam/v1/wp-content/themes/venam/woocommerce/css/woocommerce-sidebarabe2.css]
[f8g8b9p5.rocketcdn.me/themes/venam/v1/wp-content/plugins/wp-rocket/assets/img/youtube.png]
[f8g8b9p5.rocketcdn.me/themes/venam/v1/wp-content/plugins/elementor/assets/lib/font-awesome/css/fontawesome.min52d5.css]
[f8g8b9p5.rocketcdn.me/themes/venam/v1/wp-content/cache/min/1/themes/venam/v1/wp-content/plugins/elementor/assets/lib/font-awesome/css/brands.minabe2.css]
[f8g8b9p5.rocketcdn.me/themes/venam/v1/wp-content/cache/min/1/themes/venam/v1/wp-content/plugins/elementor/assets/lib/font-awesome/css/solid.minabe2.css]
[f8g8b9p5.rocketcdn.me/themes/venam/v1/wp-includes/js/jquery/jquery.mina7a0.js]
[f8g8b9p5.rocketcdn.me/themes/venam/v1/wp-includes/js/jquery/jquery-migrate.mind617.js]
[f8g8b9p5.rocketcdn.me/themes/venam/v1/wp-content/themes/venam/js/nice-select/jquery-nice-select.min5152.js]
[f8g8b9p5.rocketcdn.me/themes/venam/v1/wp-content/uploads/2021/05/cropped-favicon-32x32.png]
[f8g8b9p5.rocketcdn.me/themes/venam/v1/wp-content/uploads/2021/05/cropped-favicon-192x192.png]
[f8g8b9p5.rocketcdn.me/themes/venam/v1/wp-content/uploads/2021/05/cropped-favicon-180x180.png]
[f8g8b9p5.rocketcdn.me/themes/venam/v1/wp-content/uploads/2021/05/breadcrumb_bg.jpg]
[f8g8b9p5.rocketcdn.me/themes/venam/v1/wp-content/uploads/2021/05/logo.png]
[f8g8b9p5.rocketcdn.me/themes/venam/v1/wp-content/uploads/2021/05/white_logo.png]
[f8g8b9p5.rocketcdn.me/themes/venam/v1/wp-content/uploads/2021/05/banner-15.jpg]
[f8g8b9p5.rocketcdn.me/themes/venam/v1/wp-content/uploads/2021/08/category-menu-1.png]
[f8g8b9p5.rocketcdn.me/themes/venam/v1/wp-content/uploads/2021/08/banner-30.jpg]
[f8g8b9p5.rocketcdn.me/themes/venam/v1/wp-content/uploads/2021/06/el_img18_hover-100x100.jpg]
[f8g8b9p5.rocketcdn.me/themes/venam/v1/wp-content/uploads/2021/06/el_img18-100x100.jpg]
[f8g8b9p5.rocketcdn.me/themes/venam/v1/wp-content/uploads/2021/05/el_img2-100x100.jpg]
[f8g8b9p5.rocketcdn.me/themes/venam/v1/wp-content/uploads/2021/05/el_img9-100x100.jpg]
[f8g8b9p5.rocketcdn.me/themes/venam/v1/wp-content/uploads/2021/05/4236be48-9104-436d-bab7-1b55870d621e_1.3d6e03b943e5ff59683943d383cd1c5f-450x450.jpg]
[f8g8b9p5.rocketcdn.me/themes/venam/v1/wp-content/uploads/2021/05/el_img7_hover-450x450.jpg]
[f8g8b9p5.rocketcdn.me/themes/venam/v1/wp-content/uploads/2021/05/el_img7-450x450.jpg]
[f8g8b9p5.rocketcdn.me/themes/venam/v1/wp-content/uploads/2021/05/el_img11_hover-450x450.jpg]
[f8g8b9p5.rocketcdn.me/themes/venam/v1/wp-content/uploads/2021/05/el_img11-450x450.jpg]
[f8g8b9p5.rocketcdn.me/themes/venam/v1/wp-content/uploads/2021/05/el_img10_hover-450x450.jpg]
[f8g8b9p5.rocketcdn.me/themes/venam/v1/wp-content/uploads/2021/05/el_img10-450x450.jpg]
[f8g8b9p5.rocketcdn.me/themes/venam/v1/wp-content/uploads/2021/05/el_img8_hover-450x450.jpg]
[f8g8b9p5.rocketcdn.me/themes/venam/v1/wp-content/uploads/2021/05/el_img8-450x450.jpg]
[f8g8b9p5.rocketcdn.me/themes/venam/v1/wp-content/uploads/2021/06/a75b07fe-b225-48c1-bd81-468fb5cf4923.e70ba6937ff2509799058c83a79e6d0d-450x450.jpg]
[f8g8b9p5.rocketcdn.me/themes/venam/v1/wp-content/uploads/2021/05/1d20de71-9151-425f-890b-2fd4c703c430.dfbaf58eff390bef1eec9774e2e32233-450x450.jpg]
[f8g8b9p5.rocketcdn.me/themes/venam/v1/wp-content/uploads/2021/05/el_img6_hover-450x450.jpg]
[f8g8b9p5.rocketcdn.me/themes/venam/v1/wp-content/uploads/2021/05/el_img6-450x450.jpg]
[f8g8b9p5.rocketcdn.me/themes/venam/v1/wp-content/uploads/2021/05/el_img9_hover-450x450.jpg]
[f8g8b9p5.rocketcdn.me/themes/venam/v1/wp-content/uploads/2021/05/el_img9-450x450.jpg]
[f8g8b9p5.rocketcdn.me/themes/venam/v1/wp-content/uploads/2021/06/el_img18_hover-450x450.jpg]
[f8g8b9p5.rocketcdn.me/themes/venam/v1/wp-content/uploads/2021/08/31d0HeVgCSL._AC_-450x450.jpg]
[f8g8b9p5.rocketcdn.me/themes/venam/v1/wp-content/uploads/2021/06/el_img24_hover-450x450.jpg]
[f8g8b9p5.rocketcdn.me/themes/venam/v1/wp-content/uploads/2021/06/el_img24-450x450.jpg]
[f8g8b9p5.rocketcdn.me/themes/venam/v1/wp-content/uploads/2021/06/el_img23_hover-450x450.jpg]
[f8g8b9p5.rocketcdn.me/themes/venam/v1/wp-content/uploads/2021/06/el_img16_hover-450x450.png]
[f8g8b9p5.rocketcdn.me/themes/venam/v1/wp-content/uploads/2021/05/el_img4_hover-450x450.jpg]
[f8g8b9p5.rocketcdn.me/themes/venam/v1/wp-content/uploads/elementor/thumbs/banner2-pvv8xsytyfu28ch6nic1vecr893kmeekoofykvsuik.jpg]
[f8g8b9p5.rocketcdn.me/themes/venam/v1/wp-content/uploads/elementor/thumbs/venam-blog-2-pvv8xjkg23h708uu6e9s6gq5aedwhfd9bdx3s46s8s.jpg]
[f8g8b9p5.rocketcdn.me/themes/venam/v1/wp-content/uploads/elementor/thumbs/venam-blog-1-pvtg8ak6eowqym80d2cixqqnvwypavemqo2emrsh30.jpg]
[f8g8b9p5.rocketcdn.me/themes/venam/v1/wp-content/uploads/elementor/thumbs/banner-30-pvtg7ycb5p7187irx58ebn308mq1zubvr2foh6gdr4.jpg]
[f8g8b9p5.rocketcdn.me/themes/venam/v1/wp-content/uploads/2021/05/limited_offer_discount.png]
[f8g8b9p5.rocketcdn.me/themes/venam/v1/wp-content/uploads/2021/05/logo_black.png]
[f8g8b9p5.rocketcdn.me/themes/venam/v1/wp-content/uploads/2021/05/card_img.png]
[f8g8b9p5.rocketcdn.me/themes/venam/v1/wp-content/uploads/elementor/css/post-5154122.css]
[f8g8b9p5.rocketcdn.me/themes/venam/v1/wp-content/uploads/elementor/css/post-31341dd3.css]
[f8g8b9p5.rocketcdn.me/themes/venam/v1/wp-content/uploads/elementor/css/post-3144fce6.css]
[f8g8b9p5.rocketcdn.me/themes/venam/v1/wp-content/uploads/elementor/css/post-2289fce6.css]
[f8g8b9p5.rocketcdn.me/themes/venam/v1/wp-content/cache/min/1/themes/venam/v1/wp-content/themes/venam/js/swiper/swiper.min24c6.css]
[f8g8b9p5.rocketcdn.me/themes/venam/v1/wp-content/cache/min/1/themes/venam/v1/wp-content/plugins/contact-form-7/includes/css/stylesabe2.css]
[f8g8b9p5.rocketcdn.me/themes/venam/v1/wp-content/plugins/elementor/assets/lib/animations/animations.min2e46.css]
[f8g8b9p5.rocketcdn.me/themes/venam/v1/wp-content/plugins/woocommerce/assets/js/jquery-blockui/jquery.blockUI.min8bd8.js]
[f8g8b9p5.rocketcdn.me/themes/venam/v1/wp-content/plugins/woocommerce/assets/js/frontend/add-to-cart.mincb57.js]
[f8g8b9p5.rocketcdn.me/themes/venam/v1/wp-content/plugins/woocommerce/assets/js/js-cookie/js.cookie.min5f13.js]
[f8g8b9p5.rocketcdn.me/themes/venam/v1/wp-content/plugins/woocommerce/assets/js/frontend/woocommerce.mincb57.js]
[f8g8b9p5.rocketcdn.me/themes/venam/v1/wp-content/plugins/woocommerce/assets/js/frontend/cart-fragments.mincb57.js]
[f8g8b9p5.rocketcdn.me/themes/venam/v1/wp-content/plugins/venam-elementor-addons/widgets/woocommerce/ajax-search/css-js/venam-autocomplete.min5a2c.js]
[f8g8b9p5.rocketcdn.me/themes/venam/v1/wp-content/cache/min/1/themes/venam/v1/wp-content/plugins/venam-elementor-addons/widgets/woocommerce/popup-cart-notices/scriptabe2.js]
[f8g8b9p5.rocketcdn.me/themes/venam/v1/wp-content/plugins/venam-elementor-addons/assets/front/js/jquery-ui/jquery-ui.min6a4d.js]
[f8g8b9p5.rocketcdn.me/themes/venam/v1/wp-content/plugins/venam-elementor-addons/assets/front/js/jarallax/jarallax.min6a4d.js]
[f8g8b9p5.rocketcdn.me/themes/venam/v1/wp-content/plugins/venam-elementor-addons/assets/front/js/particles/particles.min6a4d.js]
[f8g8b9p5.rocketcdn.me/themes/venam/v1/wp-content/plugins/venam-elementor-addons/assets/front/js/vegas/vegas.min5152.js]
[f8g8b9p5.rocketcdn.me/themes/venam/v1/wp-content/cache/min/1/themes/venam/v1/wp-content/plugins/venam-elementor-addons/assets/front/js/custom-scriptsabe2.js]
[f8g8b9p5.rocketcdn.me/themes/venam/v1/wp-content/cache/min/1/themes/venam/v1/wp-content/plugins/woo-bought-together/assets/js/frontendabe2.js]
[f8g8b9p5.rocketcdn.me/themes/venam/v1/wp-content/cache/min/1/themes/venam/v1/wp-content/plugins/woo-smart-compare/assets/libs/table-head-fixer/table-head-fixerabe2.js]
[f8g8b9p5.rocketcdn.me/themes/venam/v1/wp-includes/js/jquery/ui/core.min3f14.js]
[f8g8b9p5.rocketcdn.me/themes/venam/v1/wp-includes/js/jquery/ui/mouse.min3f14.js]
[f8g8b9p5.rocketcdn.me/themes/venam/v1/wp-includes/js/jquery/ui/sortable.min3f14.js]
[f8g8b9p5.rocketcdn.me/themes/venam/v1/wp-content/cache/min/1/themes/venam/v1/wp-content/plugins/woo-smart-compare/assets/js/frontendabe2.js]
[f8g8b9p5.rocketcdn.me/themes/venam/v1/wp-includes/js/underscore.mind584.js]
[f8g8b9p5.rocketcdn.me/themes/venam/v1/wp-includes/js/wp-util.min6a4d.js]
[f8g8b9p5.rocketcdn.me/themes/venam/v1/wp-content/plugins/woocommerce/assets/js/frontend/add-to-cart-variation.mincb57.js]
[f8g8b9p5.rocketcdn.me/themes/venam/v1/wp-content/plugins/woo-smart-quick-view/assets/libs/slick/slick.min7984.js]
[f8g8b9p5.rocketcdn.me/themes/venam/v1/wp-content/plugins/woo-smart-quick-view/assets/libs/magnific-popup/jquery.magnific-popup.min7984.js]
[f8g8b9p5.rocketcdn.me/themes/venam/v1/wp-content/cache/min/1/themes/venam/v1/wp-content/plugins/woo-smart-quick-view/assets/js/frontendabe2.js]
[f8g8b9p5.rocketcdn.me/themes/venam/v1/wp-content/cache/min/1/themes/venam/v1/wp-content/plugins/woo-smart-wishlist/assets/js/frontendabe2.js]
[f8g8b9p5.rocketcdn.me/themes/venam/v1/wp-content/plugins/wpc-composite-products/assets/libs/ddslick/jquery.ddslick.min03e2.js]
[f8g8b9p5.rocketcdn.me/themes/venam/v1/wp-content/cache/min/1/themes/venam/v1/wp-content/plugins/wpc-composite-products/assets/js/frontendabe2.js]
[f8g8b9p5.rocketcdn.me/themes/venam/v1/wp-content/cache/min/1/themes/venam/v1/wp-content/plugins/wpc-variation-swatches/assets/js/frontendabe2.js]
[f8g8b9p5.rocketcdn.me/themes/venam/v1/wp-content/themes/venam/js/bootstrap/bootstrap.min5152.js]
[f8g8b9p5.rocketcdn.me/themes/venam/v1/wp-content/plugins/venam-elementor-addons/assets/front/js/magnific/magnific-popup.min6a4d.js]
[f8g8b9p5.rocketcdn.me/themes/venam/v1/wp-content/cache/min/1/themes/venam/v1/wp-content/themes/venam/js/scriptsabe2.js]
[f8g8b9p5.rocketcdn.me/themes/venam/v1/wp-content/cache/min/1/themes/venam/v1/wp-content/themes/venam/js/framework-settingsabe2.js]
[f8g8b9p5.rocketcdn.me/themes/venam/v1/wp-content/cache/min/1/themes/venam/v1/wp-content/themes/venam/woocommerce/js/woocommerce-customabe2.js]
[f8g8b9p5.rocketcdn.me/themes/venam/v1/wp-content/themes/venam/js/swiper/swiper.min5152.js]
[f8g8b9p5.rocketcdn.me/themes/venam/v1/wp-content/cache/min/1/themes/venam/v1/wp-content/plugins/contact-form-7/includes/swv/js/indexabe2.js]
[f8g8b9p5.rocketcdn.me/themes/venam/v1/wp-content/cache/min/1/themes/venam/v1/wp-content/plugins/contact-form-7/includes/js/indexabe2.js]
[f8g8b9p5.rocketcdn.me/themes/venam/v1/wp-content/plugins/elementor/assets/js/webpack.runtime.min2e46.js]
[f8g8b9p5.rocketcdn.me/themes/venam/v1/wp-content/plugins/elementor/assets/js/frontend-modules.min2e46.js]
[f8g8b9p5.rocketcdn.me/themes/venam/v1/wp-content/plugins/elementor/assets/lib/waypoints/waypoints.min05da.js]
[f8g8b9p5.rocketcdn.me/themes/venam/v1/wp-content/plugins/elementor/assets/js/frontend.min2e46.js]
[f8g8b9p5.rocketcdn.me/themes/venam/v1/wp-content/cache/min/1/themes/venam/v1/wp-content/plugins/venam-elementor-addons/assets/front/js/ajax-tab-slider/scriptabe2.js]
[ninetheme.com/themes/venam/v1/index.html]
[f8g8b9p5.rocketcdn.me/themes/venam/v1/wp-includes/css/classic-themes.min68b3.css]
[f8g8b9p5.rocketcdn.me/themes/venam/v1/wp-content/cache/min/1/themes/venam/v1/wp-content/plugins/woocommerce/assets/css/woocommerce-layoutabe2.css]
[f8g8b9p5.rocketcdn.me/themes/venam/v1/wp-content/cache/min/1/themes/venam/v1/wp-content/plugins/woocommerce/assets/css/woocommerce-smallscreenabe2.css]
[f8g8b9p5.rocketcdn.me/themes/venam/v1/wp-content/cache/min/1/themes/venam/v1/wp-content/plugins/woocommerce/assets/css/woocommerceabe2.css]
[f8g8b9p5.rocketcdn.me/themes/venam/v1/wp-content/plugins/wp-rocket/assets/js/lazyload/17.5/lazyload.min.js]
[f8g8b9p5.rocketcdn.me/themes/venam/v1/wp-content/plugins/venam-elementor-addons/assets/front/js/jquery-ui/images/ui-icons_444444_256x240.png]
[f8g8b9p5.rocketcdn.me/themes/venam/v1/wp-content/plugins/venam-elementor-addons/assets/front/js/jquery-ui/images/ui-icons_555555_256x240.png]
[f8g8b9p5.rocketcdn.me/themes/venam/v1/wp-content/plugins/venam-elementor-addons/assets/front/js/jquery-ui/images/ui-icons_ffffff_256x240.png]
[f8g8b9p5.rocketcdn.me/themes/venam/v1/wp-content/plugins/venam-elementor-addons/assets/front/js/jquery-ui/images/ui-icons_777620_256x240.png]
[f8g8b9p5.rocketcdn.me/themes/venam/v1/wp-content/plugins/venam-elementor-addons/assets/front/js/jquery-ui/images/ui-icons_cc0000_256x240.png]
[f8g8b9p5.rocketcdn.me/themes/venam/v1/wp-content/plugins/venam-elementor-addons/assets/front/js/jquery-ui/images/ui-icons_777777_256x240.png]
[f8g8b9p5.rocketcdn.me/themes/venam/v1/wp-content/plugins/venam-elementor-addons/assets/front/js/jquery-ui/jquery-ui.min5152.css]
[f8g8b9p5.rocketcdn.me/themes/venam/v1/wp-content/plugins/venam-elementor-addons/assets/front/js/vegas/overlays/01.png]
[f8g8b9p5.rocketcdn.me/themes/venam/v1/wp-content/plugins/venam-elementor-addons/assets/front/js/vegas/overlays/02.png]
[f8g8b9p5.rocketcdn.me/themes/venam/v1/wp-content/plugins/venam-elementor-addons/assets/front/js/vegas/overlays/03.png]
[f8g8b9p5.rocketcdn.me/themes/venam/v1/wp-content/plugins/venam-elementor-addons/assets/front/js/vegas/overlays/04.png]
[f8g8b9p5.rocketcdn.me/themes/venam/v1/wp-content/plugins/venam-elementor-addons/assets/front/js/vegas/overlays/05.png]
[f8g8b9p5.rocketcdn.me/themes/venam/v1/wp-content/plugins/venam-elementor-addons/assets/front/js/vegas/overlays/06.png]
[f8g8b9p5.rocketcdn.me/themes/venam/v1/wp-content/plugins/venam-elementor-addons/assets/front/js/vegas/overlays/07.png]
[f8g8b9p5.rocketcdn.me/themes/venam/v1/wp-content/plugins/venam-elementor-addons/assets/front/js/vegas/overlays/08.png]
[f8g8b9p5.rocketcdn.me/themes/venam/v1/wp-content/plugins/venam-elementor-addons/assets/front/js/vegas/overlays/09.png]
[f8g8b9p5.rocketcdn.me/themes/venam/v1/wp-content/cache/min/1/themes/venam/v1/wp-content/plugins/venam-elementor-addons/assets/front/js/vegas/vegasabe2.css]
[f8g8b9p5.rocketcdn.me/themes/venam/v1/wp-content/cache/min/1/themes/venam/v1/wp-content/plugins/woo-bought-together/assets/css/frontendabe2.css]
[f8g8b9p5.rocketcdn.me/themes/venam/v1/wp-content/plugins/woo-smart-compare/assets/libs/hint/hint.min6a4d.css]
[f8g8b9p5.rocketcdn.me/themes/venam/v1/wp-content/plugins/woo-smart-compare/assets/images/placeholder.png]
[f8g8b9p5.rocketcdn.me/themes/venam/v1/wp-content/cache/min/1/themes/venam/v1/wp-content/plugins/woo-smart-compare/assets/css/frontendabe2.css]
[f8g8b9p5.rocketcdn.me/themes/venam/v1/wp-content/cache/min/1/themes/venam/v1/wp-content/plugins/woo-smart-quick-view/assets/libs/slick/slickabe2.css]
[f8g8b9p5.rocketcdn.me/themes/venam/v1/wp-content/cache/min/1/themes/venam/v1/wp-content/plugins/woo-smart-quick-view/assets/libs/magnific-popup/magnific-popupabe2.css]
[f8g8b9p5.rocketcdn.me/themes/venam/v1/wp-content/cache/min/1/themes/venam/v1/wp-content/plugins/woo-smart-quick-view/assets/libs/feather/featherabe2.css]
[f8g8b9p5.rocketcdn.me/themes/venam/v1/wp-content/cache/min/1/themes/venam/v1/wp-content/plugins/woo-smart-quick-view/assets/css/frontendabe2.css]
[f8g8b9p5.rocketcdn.me/themes/venam/v1/wp-content/cache/min/1/themes/venam/v1/wp-content/plugins/woo-smart-wishlist/assets/css/iconsabe2.css]
[f8g8b9p5.rocketcdn.me/themes/venam/v1/wp-content/cache/min/1/themes/venam/v1/wp-content/plugins/woo-smart-wishlist/assets/css/frontendabe2.css]
[f8g8b9p5.rocketcdn.me/themes/venam/v1/wp-content/cache/min/1/themes/venam/v1/wp-content/plugins/wpc-composite-products/assets/css/frontendabe2.css]
[f8g8b9p5.rocketcdn.me/themes/venam/v1/wp-content/cache/min/1/themes/venam/v1/wp-content/plugins/wpc-variation-swatches/assets/css/frontendabe2.css]
[f8g8b9p5.rocketcdn.me/themes/venam/v1/wp-content/themes/venam/js/bootstrap/bootstrap.min5152.css]
[f8g8b9p5.rocketcdn.me/themes/venam/v1/wp-content/themes/venam/css/animate.min5152.css]
[f8g8b9p5.rocketcdn.me/themes/venam/v1/wp-content/cache/min/1/themes/venam/v1/wp-content/themes/venam/css/fontawesome/fontawesome-all.minabe2.css]
[f8g8b9p5.rocketcdn.me/themes/venam/v1/wp-content/cache/min/1/themes/venam/v1/wp-content/themes/venam/css/flaticon/flaticonabe2.css]
[f8g8b9p5.rocketcdn.me/themes/venam/v1/wp-content/cache/min/1/themes/venam/v1/wp-content/plugins/venam-elementor-addons/assets/front/js/magnific/magnific-popupabe2.css]
[f8g8b9p5.rocketcdn.me/themes/venam/v1/wp-content/cache/min/1/themes/venam/v1/wp-content/themes/venam/js/nice-select/nice-selectabe2.css]
[f8g8b9p5.rocketcdn.me/themes/venam/v1/wp-content/cache/min/1/themes/venam/v1/wp-content/themes/venam/css/defaultabe2.css]
[f8g8b9p5.rocketcdn.me/themes/venam/v1/wp-content/themes/venam/bg/cart_sidebar_bg.png]
[f8g8b9p5.rocketcdn.me/themes/venam/v1/wp-content/themes/venam/images/checkout_sidebar_bg.png]
[f8g8b9p5.rocketcdn.me/themes/venam/v1/wp-content/cache/min/1/themes/venam/v1/wp-content/themes/venam/css/styleabe2.css]
[f8g8b9p5.rocketcdn.me/themes/venam/v1/wp-content/cache/min/1/themes/venam/v1/wp-content/themes/venam/css/responsiveabe2.css]
[f8g8b9p5.rocketcdn.me/themes/venam/v1/wp-content/cache/min/1/themes/venam/v1/wp-content/themes/venam/css/updateabe2.css]
[f8g8b9p5.rocketcdn.me/themes/venam/v1/wp-content/cache/min/1/themes/venam/v1/wp-content/plugins/elementor/assets/lib/eicons/css/elementor-icons.minabe2.css]
[f8g8b9p5.rocketcdn.me/themes/venam/v1/wp-content/plugins/elementor/assets/css/frontend.min2e46.css]
[f8g8b9p5.rocketcdn.me/themes/venam/v1/wp-content/uploads/elementor/css/post-41736.css]
[f8g8b9p5.rocketcdn.me/themes/venam/v1/wp-content/cache/min/1/themes/venam/v1/wp-content/plugins/venam-elementor-addons/assets/front/css/customabe2.css]
[f8g8b9p5.rocketcdn.me/themes/venam/v1/wp-content/uploads/elementor/css/post-3032bd9b.css]
[f8g8b9p5.rocketcdn.me/themes/venam/v1/wp-content/uploads/elementor/css/post-21061736.css]
[f8g8b9p5.rocketcdn.me/themes/venam/v1/wp-content/uploads/elementor/css/post-8387600.css]
[f8g8b9p5.rocketcdn.me/themes/venam/v1/wp-content/cache/min/1/themes/venam/v1/wp-content/themes/venam/woocommerce/css/woocommerce-customabe2.css]
[f8g8b9p5.rocketcdn.me/themes/venam/v1/wp-content/cache/min/1/themes/venam/v1/wp-content/themes/venam/woocommerce/css/single-pageabe2.css]
[f8g8b9p5.rocketcdn.me/themes/venam/v1/wp-content/cache/min/1/themes/venam/v1/wp-content/themes/venam/woocommerce/css/woocommerce-sidebarabe2.css]
[f8g8b9p5.rocketcdn.me/themes/venam/v1/wp-content/plugins/elementor/assets/lib/font-awesome/css/fontawesome.min52d5.css]
[f8g8b9p5.rocketcdn.me/themes/venam/v1/wp-content/cache/min/1/themes/venam/v1/wp-content/plugins/elementor/assets/lib/font-awesome/css/brands.minabe2.css]
[f8g8b9p5.rocketcdn.me/themes/venam/v1/wp-content/cache/min/1/themes/venam/v1/wp-content/plugins/elementor/assets/lib/font-awesome/css/solid.minabe2.css]
[f8g8b9p5.rocketcdn.me/themes/venam/v1/wp-content/uploads/elementor/css/post-5154122.css]
[f8g8b9p5.rocketcdn.me/themes/venam/v1/wp-content/uploads/elementor/css/post-31341dd3.css]
[f8g8b9p5.rocketcdn.me/themes/venam/v1/wp-content/uploads/elementor/css/post-3144fce6.css]
[f8g8b9p5.rocketcdn.me/themes/venam/v1/wp-content/uploads/elementor/css/post-2289fce6.css]
[f8g8b9p5.rocketcdn.me/themes/venam/v1/wp-content/cache/min/1/themes/venam/v1/wp-content/themes/venam/js/swiper/swiper.min24c6.css]
[f8g8b9p5.rocketcdn.me/themes/venam/v1/wp-content/cache/min/1/themes/venam/v1/wp-content/plugins/contact-form-7/includes/css/stylesabe2.css]
[f8g8b9p5.rocketcdn.me/themes/venam/v1/wp-content/plugins/elementor/assets/lib/animations/animations.min2e46.css]
[f8g8b9p5.rocketcdn.me/themes/venam/v1/wp-content/themes/venam/bg/cart_sidebar_bg.html]
